Client connect failed: Error: SSE error: TypeError: terminated: Body Timeout Error
Client connect failed: Error: SSE error: TypeError: terminated: Body Timeout Error
Client connect failed: Error: SSE error: TypeError: terminated: Body Timeout Error
Client connect failed: Error: SSE error: TypeError: terminated: Body Timeout Error
Client connect failed: Error: SSE error: TypeError: terminated: Body Timeout Error
Client connect failed: Error: SSE error: TypeError: terminated: Body Timeout Error
Client connect failed: Error: SSE error: TypeError: terminated: Body Timeout Error
Client connect failed: Error: SSE error: TypeError: terminated: Body Timeout Error
Client connect failed: Error: SSE error: TypeError: terminated: Body Timeout Error
Client connect failed: Error: SSE error: TypeError: terminated: Body Timeout Error
Client connect failed: Error: SSE error: TypeError: terminated: Body Timeout Error
